id, first_name, last_name, created_by, updated_by
"1","yushi","koga","init","init"
