first_name, last_name, created_by, updated_by
"yushi","koga","init","init"
"tomonori","okanoya","junit","junit"
